C:/Users/andri/STM32CubeIDE/workspace_1.17.0/freeact-stm32cubeide-test/frameworks/FreeAct/3rd_party/FreeRTOS-Kernel/timers.c:233:16:xTimerCreateTimerTask	40	static
C:/Users/andri/STM32CubeIDE/workspace_1.17.0/freeact-stm32cubeide-test/frameworks/FreeAct/3rd_party/FreeRTOS-Kernel/timers.c:315:23:xTimerCreateStatic	40	static
C:/Users/andri/STM32CubeIDE/workspace_1.17.0/freeact-stm32cubeide-test/frameworks/FreeAct/3rd_party/FreeRTOS-Kernel/timers.c:355:17:prvInitialiseNewTimer	24	static
C:/Users/andri/STM32CubeIDE/workspace_1.17.0/freeact-stm32cubeide-test/frameworks/FreeAct/3rd_party/FreeRTOS-Kernel/timers.c:386:16:xTimerGenericCommand	40	static
C:/Users/andri/STM32CubeIDE/workspace_1.17.0/freeact-stm32cubeide-test/frameworks/FreeAct/3rd_party/FreeRTOS-Kernel/timers.c:433:18:xTimerGetTimerDaemonTaskHandle	8	static
C:/Users/andri/STM32CubeIDE/workspace_1.17.0/freeact-stm32cubeide-test/frameworks/FreeAct/3rd_party/FreeRTOS-Kernel/timers.c:442:16:xTimerGetPeriod	24	static
C:/Users/andri/STM32CubeIDE/workspace_1.17.0/freeact-stm32cubeide-test/frameworks/FreeAct/3rd_party/FreeRTOS-Kernel/timers.c:451:10:vTimerSetReloadMode	24	static
C:/Users/andri/STM32CubeIDE/workspace_1.17.0/freeact-stm32cubeide-test/frameworks/FreeAct/3rd_party/FreeRTOS-Kernel/timers.c:472:16:xTimerGetReloadMode	24	static
C:/Users/andri/STM32CubeIDE/workspace_1.17.0/freeact-stm32cubeide-test/frameworks/FreeAct/3rd_party/FreeRTOS-Kernel/timers.c:496:17:uxTimerGetReloadMode	16	static
C:/Users/andri/STM32CubeIDE/workspace_1.17.0/freeact-stm32cubeide-test/frameworks/FreeAct/3rd_party/FreeRTOS-Kernel/timers.c:502:16:xTimerGetExpiryTime	24	static
C:/Users/andri/STM32CubeIDE/workspace_1.17.0/freeact-stm32cubeide-test/frameworks/FreeAct/3rd_party/FreeRTOS-Kernel/timers.c:513:18:pcTimerGetName	24	static
C:/Users/andri/STM32CubeIDE/workspace_1.17.0/freeact-stm32cubeide-test/frameworks/FreeAct/3rd_party/FreeRTOS-Kernel/timers.c:522:17:prvReloadTimer	24	static
C:/Users/andri/STM32CubeIDE/workspace_1.17.0/freeact-stm32cubeide-test/frameworks/FreeAct/3rd_party/FreeRTOS-Kernel/timers.c:541:17:prvProcessExpiredTimer	24	static
C:/Users/andri/STM32CubeIDE/workspace_1.17.0/freeact-stm32cubeide-test/frameworks/FreeAct/3rd_party/FreeRTOS-Kernel/timers.c:568:12:prvTimerTask	24	static
C:/Users/andri/STM32CubeIDE/workspace_1.17.0/freeact-stm32cubeide-test/frameworks/FreeAct/3rd_party/FreeRTOS-Kernel/timers.c:604:17:prvProcessTimerOrBlockTask	24	static,ignoring_inline_asm
C:/Users/andri/STM32CubeIDE/workspace_1.17.0/freeact-stm32cubeide-test/frameworks/FreeAct/3rd_party/FreeRTOS-Kernel/timers.c:666:23:prvGetNextExpireTime	24	static
C:/Users/andri/STM32CubeIDE/workspace_1.17.0/freeact-stm32cubeide-test/frameworks/FreeAct/3rd_party/FreeRTOS-Kernel/timers.c:693:23:prvSampleTimeNow	24	static
C:/Users/andri/STM32CubeIDE/workspace_1.17.0/freeact-stm32cubeide-test/frameworks/FreeAct/3rd_party/FreeRTOS-Kernel/timers.c:716:23:prvInsertTimerInActiveList	32	static
C:/Users/andri/STM32CubeIDE/workspace_1.17.0/freeact-stm32cubeide-test/frameworks/FreeAct/3rd_party/FreeRTOS-Kernel/timers.c:760:17:prvProcessReceivedCommands	32	static
C:/Users/andri/STM32CubeIDE/workspace_1.17.0/freeact-stm32cubeide-test/frameworks/FreeAct/3rd_party/FreeRTOS-Kernel/timers.c:908:17:prvSwitchTimerLists	16	static
C:/Users/andri/STM32CubeIDE/workspace_1.17.0/freeact-stm32cubeide-test/frameworks/FreeAct/3rd_party/FreeRTOS-Kernel/timers.c:933:17:prvCheckForValidListAndQueue	16	static
C:/Users/andri/STM32CubeIDE/workspace_1.17.0/freeact-stm32cubeide-test/frameworks/FreeAct/3rd_party/FreeRTOS-Kernel/timers.c:984:16:xTimerIsTimerActive	24	static
C:/Users/andri/STM32CubeIDE/workspace_1.17.0/freeact-stm32cubeide-test/frameworks/FreeAct/3rd_party/FreeRTOS-Kernel/timers.c:1009:12:pvTimerGetTimerID	24	static
C:/Users/andri/STM32CubeIDE/workspace_1.17.0/freeact-stm32cubeide-test/frameworks/FreeAct/3rd_party/FreeRTOS-Kernel/timers.c:1026:10:vTimerSetTimerID	24	static
