C:/Users/andri/STM32CubeIDE/workspace_1.17.0/freeact-stm32cubeide-test/frameworks/FreeAct/src/FreeAct.c:37:6:Active_ctor	16	static
C:/Users/andri/STM32CubeIDE/workspace_1.17.0/freeact-stm32cubeide-test/frameworks/FreeAct/src/FreeAct.c:43:13:Active_eventLoop	24	static
C:/Users/andri/STM32CubeIDE/workspace_1.17.0/freeact-stm32cubeide-test/frameworks/FreeAct/src/FreeAct.c:65:6:Active_start	48	static
C:/Users/andri/STM32CubeIDE/workspace_1.17.0/freeact-stm32cubeide-test/frameworks/FreeAct/src/FreeAct.c:96:6:Active_post	24	static
C:/Users/andri/STM32CubeIDE/workspace_1.17.0/freeact-stm32cubeide-test/frameworks/FreeAct/src/FreeAct.c:102:6:Active_postFromISR	32	static
C:/Users/andri/STM32CubeIDE/workspace_1.17.0/freeact-stm32cubeide-test/frameworks/FreeAct/src/FreeAct.c:115:6:TimeEvent_ctor	32	static
C:/Users/andri/STM32CubeIDE/workspace_1.17.0/freeact-stm32cubeide-test/frameworks/FreeAct/src/FreeAct.c:129:6:TimeEvent_arm	48	static,ignoring_inline_asm
C:/Users/andri/STM32CubeIDE/workspace_1.17.0/freeact-stm32cubeide-test/frameworks/FreeAct/src/FreeAct.c:155:6:TimeEvent_disarm	40	static,ignoring_inline_asm
C:/Users/andri/STM32CubeIDE/workspace_1.17.0/freeact-stm32cubeide-test/frameworks/FreeAct/src/FreeAct.c:179:13:TimeEvent_callback	24	static
