Archive member included to satisfy reference by file (symbol)

C:/ST/STM32CubeIDE_1.17.0/STM32CubeIDE/plugins/com.st.stm32cube.ide.mcu.externaltools.gnu-tools-for-stm32.12.3.rel1.win32_1.1.0.202410251130/tools/bin/../lib/gcc/arm-none-eabi/12.3.1/../../../../arm-none-eabi/lib/thumb/v7e-m+dp/hard\libc_nano.a(libc_a-exit.o)
                              C:/ST/STM32CubeIDE_1.17.0/STM32CubeIDE/plugins/com.st.stm32cube.ide.mcu.externaltools.gnu-tools-for-stm32.12.3.rel1.win32_1.1.0.202410251130/tools/bin/../lib/gcc/arm-none-eabi/12.3.1/../../../../arm-none-eabi/lib/thumb/v7e-m+dp/hard/crt0.o (exit)
C:/ST/STM32CubeIDE_1.17.0/STM32CubeIDE/plugins/com.st.stm32cube.ide.mcu.externaltools.gnu-tools-for-stm32.12.3.rel1.win32_1.1.0.202410251130/tools/bin/../lib/gcc/arm-none-eabi/12.3.1/../../../../arm-none-eabi/lib/thumb/v7e-m+dp/hard\libc_nano.a(libc_a-findfp.o)
                              C:/ST/STM32CubeIDE_1.17.0/STM32CubeIDE/plugins/com.st.stm32cube.ide.mcu.externaltools.gnu-tools-for-stm32.12.3.rel1.win32_1.1.0.202410251130/tools/bin/../lib/gcc/arm-none-eabi/12.3.1/../../../../arm-none-eabi/lib/thumb/v7e-m+dp/hard\libc_nano.a(libc_a-exit.o) (__stdio_exit_handler)
C:/ST/STM32CubeIDE_1.17.0/STM32CubeIDE/plugins/com.st.stm32cube.ide.mcu.externaltools.gnu-tools-for-stm32.12.3.rel1.win32_1.1.0.202410251130/tools/bin/../lib/gcc/arm-none-eabi/12.3.1/../../../../arm-none-eabi/lib/thumb/v7e-m+dp/hard\libc_nano.a(libc_a-fwalk.o)
                              C:/ST/STM32CubeIDE_1.17.0/STM32CubeIDE/plugins/com.st.stm32cube.ide.mcu.externaltools.gnu-tools-for-stm32.12.3.rel1.win32_1.1.0.202410251130/tools/bin/../lib/gcc/arm-none-eabi/12.3.1/../../../../arm-none-eabi/lib/thumb/v7e-m+dp/hard\libc_nano.a(libc_a-findfp.o) (_fwalk_sglue)
C:/ST/STM32CubeIDE_1.17.0/STM32CubeIDE/plugins/com.st.stm32cube.ide.mcu.externaltools.gnu-tools-for-stm32.12.3.rel1.win32_1.1.0.202410251130/tools/bin/../lib/gcc/arm-none-eabi/12.3.1/../../../../arm-none-eabi/lib/thumb/v7e-m+dp/hard\libc_nano.a(libc_a-stdio.o)
                              C:/ST/STM32CubeIDE_1.17.0/STM32CubeIDE/plugins/com.st.stm32cube.ide.mcu.externaltools.gnu-tools-for-stm32.12.3.rel1.win32_1.1.0.202410251130/tools/bin/../lib/gcc/arm-none-eabi/12.3.1/../../../../arm-none-eabi/lib/thumb/v7e-m+dp/hard\libc_nano.a(libc_a-findfp.o) (__sread)
C:/ST/STM32CubeIDE_1.17.0/STM32CubeIDE/plugins/com.st.stm32cube.ide.mcu.externaltools.gnu-tools-for-stm32.12.3.rel1.win32_1.1.0.202410251130/tools/bin/../lib/gcc/arm-none-eabi/12.3.1/../../../../arm-none-eabi/lib/thumb/v7e-m+dp/hard\libc_nano.a(libc_a-memset.o)
                              C:/ST/STM32CubeIDE_1.17.0/STM32CubeIDE/plugins/com.st.stm32cube.ide.mcu.externaltools.gnu-tools-for-stm32.12.3.rel1.win32_1.1.0.202410251130/tools/bin/../lib/gcc/arm-none-eabi/12.3.1/../../../../arm-none-eabi/lib/thumb/v7e-m+dp/hard/crt0.o (memset)
C:/ST/STM32CubeIDE_1.17.0/STM32CubeIDE/plugins/com.st.stm32cube.ide.mcu.externaltools.gnu-tools-for-stm32.12.3.rel1.win32_1.1.0.202410251130/tools/bin/../lib/gcc/arm-none-eabi/12.3.1/../../../../arm-none-eabi/lib/thumb/v7e-m+dp/hard\libc_nano.a(libc_a-closer.o)
                              C:/ST/STM32CubeIDE_1.17.0/STM32CubeIDE/plugins/com.st.stm32cube.ide.mcu.externaltools.gnu-tools-for-stm32.12.3.rel1.win32_1.1.0.202410251130/tools/bin/../lib/gcc/arm-none-eabi/12.3.1/../../../../arm-none-eabi/lib/thumb/v7e-m+dp/hard\libc_nano.a(libc_a-stdio.o) (_close_r)
C:/ST/STM32CubeIDE_1.17.0/STM32CubeIDE/plugins/com.st.stm32cube.ide.mcu.externaltools.gnu-tools-for-stm32.12.3.rel1.win32_1.1.0.202410251130/tools/bin/../lib/gcc/arm-none-eabi/12.3.1/../../../../arm-none-eabi/lib/thumb/v7e-m+dp/hard\libc_nano.a(libc_a-reent.o)
                              C:/ST/STM32CubeIDE_1.17.0/STM32CubeIDE/plugins/com.st.stm32cube.ide.mcu.externaltools.gnu-tools-for-stm32.12.3.rel1.win32_1.1.0.202410251130/tools/bin/../lib/gcc/arm-none-eabi/12.3.1/../../../../arm-none-eabi/lib/thumb/v7e-m+dp/hard\libc_nano.a(libc_a-closer.o) (errno)
C:/ST/STM32CubeIDE_1.17.0/STM32CubeIDE/plugins/com.st.stm32cube.ide.mcu.externaltools.gnu-tools-for-stm32.12.3.rel1.win32_1.1.0.202410251130/tools/bin/../lib/gcc/arm-none-eabi/12.3.1/../../../../arm-none-eabi/lib/thumb/v7e-m+dp/hard\libc_nano.a(libc_a-impure.o)
                              C:/ST/STM32CubeIDE_1.17.0/STM32CubeIDE/plugins/com.st.stm32cube.ide.mcu.externaltools.gnu-tools-for-stm32.12.3.rel1.win32_1.1.0.202410251130/tools/bin/../lib/gcc/arm-none-eabi/12.3.1/../../../../arm-none-eabi/lib/thumb/v7e-m+dp/hard\libc_nano.a(libc_a-reent.o) (_impure_ptr)
C:/ST/STM32CubeIDE_1.17.0/STM32CubeIDE/plugins/com.st.stm32cube.ide.mcu.externaltools.gnu-tools-for-stm32.12.3.rel1.win32_1.1.0.202410251130/tools/bin/../lib/gcc/arm-none-eabi/12.3.1/../../../../arm-none-eabi/lib/thumb/v7e-m+dp/hard\libc_nano.a(libc_a-lseekr.o)
[...]
Memory Configuration

Name             Origin             Length             Attributes
FLASH            0x08000000         0x00200000         xr
DTCMRAM          0x20000000         0x00020000         xrw
RAM_D1           0x24000000         0x00080000         xrw
RAM_D2           0x30000000         0x00048000         xrw
RAM_D3           0x38000000         0x00010000         xrw
ITCMRAM          0x00000000         0x00010000         xrw
*default*        0x00000000         0xffffffff

Linker script and memory map

LOAD C:/ST/STM32CubeIDE_1.17.0/STM32CubeIDE/plugins/com.st.stm32cube.ide.mcu.externaltools.gnu-tools-for-stm32.12.3.rel1.win32_1.1.0.202410251130/tools/bin/../lib/gcc/arm-none-eabi/12.3.1/thumb/v7e-m+dp/hard/crti.o
LOAD C:/ST/STM32CubeIDE_1.17.0/STM32CubeIDE/plugins/com.st.stm32cube.ide.mcu.externaltools.gnu-tools-for-stm32.12.3.rel1.win32_1.1.0.202410251130/tools/bin/../lib/gcc/arm-none-eabi/12.3.1/thumb/v7e-m+dp/hard/crtbegin.o
LOAD C:/ST/STM32CubeIDE_1.17.0/STM32CubeIDE/plugins/com.st.stm32cube.ide.mcu.externaltools.gnu-tools-for-stm32.12.3.rel1.win32_1.1.0.202410251130/tools/bin/../lib/gcc/arm-none-eabi/12.3.1/../../../../arm-none-eabi/lib/thumb/v7e-m+dp/hard/crt0.o
LOAD ./Core/Src/bsp.o
LOAD ./Core/Src/main.o
LOAD ./Core/Src/stm32h7xx_hal_msp.o
LOAD ./Core/Src/stm32h7xx_it.o
LOAD ./Core/Src/syscalls.o
LOAD ./Core/Src/sysmem.o
LOAD ./Core/Src/system_stm32h7xx.o
LOAD ./Core/Startup/startup_stm32h743zitx.o
LOAD ./Drivers/BSP/STM32H7xx_Nucleo/stm32h7xx_nucleo.o
LOAD ./Drivers/STM32H7xx_HAL_Driver/Src/stm32h7xx_hal.o
LOAD ./Drivers/STM32H7xx_HAL_Driver/Src/stm32h7xx_hal_cortex.o
LOAD ./Drivers/STM32H7xx_HAL_Driver/Src/stm32h7xx_hal_dma.o
LOAD ./Drivers/STM32H7xx_HAL_Driver/Src/stm32h7xx_hal_dma_ex.o
LOAD ./Drivers/STM32H7xx_HAL_Driver/Src/stm32h7xx_hal_exti.o
LOAD ./Drivers/STM32H7xx_HAL_Driver/Src/stm32h7xx_hal_flash.o
LOAD ./Drivers/STM32H7xx_HAL_Driver/Src/stm32h7xx_hal_flash_ex.o
LOAD ./Drivers/STM32H7xx_HAL_Driver/Src/stm32h7xx_hal_gpio.o
LOAD ./Drivers/STM32H7xx_HAL_Driver/Src/stm32h7xx_hal_hsem.o
LOAD ./Drivers/STM32H7xx_HAL_Driver/Src/stm32h7xx_hal_i2c.o
LOAD ./Drivers/STM32H7xx_HAL_Driver/Src/stm32h7xx_hal_i2c_ex.o
LOAD ./Drivers/STM32H7xx_HAL_Driver/Src/stm32h7xx_hal_mdma.o
LOAD ./Drivers/STM32H7xx_HAL_Driver/Src/stm32h7xx_hal_pwr.o
LOAD ./Drivers/STM32H7xx_HAL_Driver/Src/stm32h7xx_hal_pwr_ex.o
LOAD ./Drivers/STM32H7xx_HAL_Driver/Src/stm32h7xx_hal_rcc.o
LOAD ./Drivers/STM32H7xx_HAL_Driver/Src/stm32h7xx_hal_rcc_ex.o
LOAD ./Drivers/STM32H7xx_HAL_Driver/Src/stm32h7xx_hal_uart.o
LOAD ./Drivers/STM32H7xx_HAL_Driver/Src/stm32h7xx_hal_uart_ex.o
LOAD ./Drivers/STM32H7xx_HAL_Driver/Src/stm32h7xx_hal_usart.o
LOAD ./Drivers/STM32H7xx_HAL_Driver/Src/stm32h7xx_hal_usart_ex.o
LOAD ./frameworks/FreeAct/src/FreeAct.o
LOAD ./frameworks/FreeRTOS/list.o
LOAD ./frameworks/FreeRTOS/queue.o
LOAD ./frameworks/FreeRTOS/tasks.o
LOAD ./frameworks/FreeRTOS/timers.o
LOAD ./frameworks/FreeRTOS/r0p1/port.o
START GROUP
LOAD C:/ST/STM32CubeIDE_1.17.0/STM32CubeIDE/plugins/com.st.stm32cube.ide.mcu.externaltools.gnu-tools-for-stm32.12.3.rel1.win32_1.1.0.202410251130/tools/bin/../lib/gcc/arm-none-eabi/12.3.1/../../../../arm-none-eabi/lib/thumb/v7e-m+dp/hard\libc_nano.a
LOAD C:/ST/STM32CubeIDE_1.17.0/STM32CubeIDE/plugins/com.st.stm32cube.ide.mcu.externaltools.gnu-tools-for-stm32.12.3.rel1.win32_1.1.0.202410251130/tools/bin/../lib/gcc/arm-none-eabi/12.3.1/../../../../arm-none-eabi/lib/thumb/v7e-m+dp/hard\libm.a
END GROUP
START GROUP
LOAD C:/ST/STM32CubeIDE_1.17.0/STM32CubeIDE/plugins/com.st.stm32cube.ide.mcu.externaltools.gnu-tools-for-stm32.12.3.rel1.win32_1.1.0.202410251130/tools/bin/../lib/gcc/arm-none-eabi/12.3.1/thumb/v7e-m+dp/hard\libgcc.a
LOAD C:/ST/STM32CubeIDE_1.17.0/STM32CubeIDE/plugins/com.st.stm32cube.ide.mcu.externaltools.gnu-tools-for-stm32.12.3.rel1.win32_1.1.0.202410251130/tools/bin/../lib/gcc/arm-none-eabi/12.3.1/../../../../arm-none-eabi/lib/thumb/v7e-m+dp/hard\libc_nano.a
END GROUP
START GROUP
LOAD C:/ST/STM32CubeIDE_1.17.0/STM32CubeIDE/plugins/com.st.stm32cube.ide.mcu.externaltools.gnu-tools-for-stm32.12.3.rel1.win32_1.1.0.202410251130/tools/bin/../lib/gcc/arm-none-eabi/12.3.1/thumb/v7e-m+dp/hard\libgcc.a
LOAD C:/ST/STM32CubeIDE_1.17.0/STM32CubeIDE/plugins/com.st.stm32cube.ide.mcu.externaltools.gnu-tools-for-stm32.12.3.rel1.win32_1.1.0.202410251130/tools/bin/../lib/gcc/arm-none-eabi/12.3.1/../../../../arm-none-eabi/lib/thumb/v7e-m+dp/hard\libc_nano.a
LOAD C:/ST/STM32CubeIDE_1.17.0/STM32CubeIDE/plugins/com.st.stm32cube.ide.mcu.externaltools.gnu-tools-for-stm32.12.3.rel1.win32_1.1.0.202410251130/tools/bin/../lib/gcc/arm-none-eabi/12.3.1/../../../../arm-none-eabi/lib/thumb/v7e-m+dp/hard\libnosys.a
END GROUP
START GROUP
LOAD C:/ST/STM32CubeIDE_1.17.0/STM32CubeIDE/plugins/com.st.stm32cube.ide.mcu.externaltools.gnu-tools-for-stm32.12.3.rel1.win32_1.1.0.202410251130/tools/bin/../lib/gcc/arm-none-eabi/12.3.1/thumb/v7e-m+dp/hard\libgcc.a
LOAD C:/ST/STM32CubeIDE_1.17.0/STM32CubeIDE/plugins/com.st.stm32cube.ide.mcu.externaltools.gnu-tools-for-stm32.12.3.rel1.win32_1.1.0.202410251130/tools/bin/../lib/gcc/arm-none-eabi/12.3.1/../../../../arm-none-eabi/lib/thumb/v7e-m+dp/hard\libc_nano.a
LOAD C:/ST/STM32CubeIDE_1.17.0/STM32CubeIDE/plugins/com.st.stm32cube.ide.mcu.externaltools.gnu-tools-for-stm32.12.3.rel1.win32_1.1.0.202410251130/tools/bin/../lib/gcc/arm-none-eabi/12.3.1/../../../../arm-none-eabi/lib/thumb/v7e-m+dp/hard\libnosys.a
END GROUP
LOAD C:/ST/STM32CubeIDE_1.17.0/STM32CubeIDE/plugins/com.st.stm32cube.ide.mcu.externaltools.gnu-tools-for-stm32.12.3.rel1.win32_1.1.0.202410251130/tools/bin/../lib/gcc/arm-none-eabi/12.3.1/thumb/v7e-m+dp/hard/crtend.o
LOAD C:/ST/STM32CubeIDE_1.17.0/STM32CubeIDE/plugins/com.st.stm32cube.ide.mcu.externaltools.gnu-tools-for-stm32.12.3.rel1.win32_1.1.0.202410251130/tools/bin/../lib/gcc/arm-none-eabi/12.3.1/thumb/v7e-m+dp/hard/crtn.o
                0x24080000                        _estack = (ORIGIN (RAM_D1) + LENGTH (RAM_D1))
                0x00000200                        _Min_Heap_Size = 0x200
                0x00000400                        _Min_Stack_Size = 0x400

.isr_vector     0x08000000      0x298
                0x08000000                        . = ALIGN (0x4)
 *(.isr_vector)
 .isr_vector    0x08000000      0x298 ./Core/Startup/startup_stm32h743zitx.o
                0x08000000                g_pfnVectors
                0x08000298                        . = ALIGN (0x4)

.text           0x080002a0     0x3264
                0x080002a0                        . = ALIGN (0x4)
 *(.text)
 .text          0x080002a0       0x40 C:/ST/STM32CubeIDE_1.17.0/STM32CubeIDE/plugins/com.st.stm32cube.ide.mcu.externaltools.gnu-tools-for-stm32.12.3.rel1.win32_1.1.0.202410251130/tools/bin/../lib/gcc/arm-none-eabi/12.3.1/thumb/v7e-m+dp/hard/crtbegin.o
 *(.text*)
 .text.vApplicationTickHook
                0x080002e0       0xb4 ./Core/Src/bsp.o
                0x080002e0                vApplicationTickHook
 .text.vApplicationIdleHook
                0x08000394        0xe ./Core/Src/bsp.o
                0x08000394                vApplicationIdleHook
 .text.vApplicationStackOverflowHook
                0x080003a2       0x16 ./Core/Src/bsp.o
                0x080003a2                vApplicationStackOverflowHook
 .text.vApplicationGetIdleTaskMemory
                0x080003b8       0x34 ./Core/Src/bsp.o
                0x080003b8                vApplicationGetIdleTaskMemory
 .text.vApplicationGetTimerTaskMemory
                0x080003ec       0x34 ./Core/Src/bsp.o
                0x080003ec                vApplicationGetTimerTaskMemory
 .text.BSP_init
                0x08000420      0x18c ./Core/Src/bsp.o
                0x08000420                BSP_init
 .text.BSP_led0_off
                0x080005ac       0x1c ./Core/Src/bsp.o
                0x080005ac                BSP_led0_off
 .text.BSP_led0_on
                0x080005c8       0x18 ./Core/Src/bsp.o
                0x080005c8                BSP_led0_on
 .text.BSP_led1_off
                0x080005e0       0x1c ./Core/Src/bsp.o
                0x080005e0                BSP_led1_off
 .text.BSP_led1_on
                0x080005fc       0x1c ./Core/Src/bsp.o
                0x080005fc                BSP_led1_on
 .text.BSP_start
                0x08000618        0xe ./Core/Src/bsp.o
                0x08000618                BSP_start
 *fill*         0x08000626        0x2 
 .text.assert_failed
                0x08000628       0x28 ./Core/Src/bsp.o
                0x08000628                assert_failed
 .text.BlinkyButton_dispatch
                0x08000650       0x82 ./Core/Src/main.o
 *fill*         0x080006d2        0x2 
 .text.BlinkyButton_ctor
                0x080006d4       0x3c ./Core/Src/main.o
                0x080006d4                BlinkyButton_ctor
 .text.main     0x08000710       0x4c ./Core/Src/main.o
                0x08000710                main
 .text.NMI_Handler
                0x0800075c        0x8 ./Core/Src/stm32h7xx_it.o
                0x0800075c                NMI_Handler
 .text.HardFault_Handler
                0x08000764        0x8 ./Core/Src/stm32h7xx_it.o
                0x08000764                HardFault_Handler
 .text.MemManage_Handler
                0x0800076c        0x8 ./Core/Src/stm32h7xx_it.o
                0x0800076c                MemManage_Handler
 .text.BusFault_Handler
                0x08000774        0x8 ./Core/Src/stm32h7xx_it.o
                0x08000774                BusFault_Handler
 .text.UsageFault_Handler
                0x0800077c        0x8 ./Core/Src/stm32h7xx_it.o
                0x0800077c                UsageFault_Handler
 .text.DebugMon_Handler
                0x08000784        0xe ./Core/Src/stm32h7xx_it.o
                0x08000784                DebugMon_Handler
 .text.EXTI15_10_IRQHandler
                0x08000792        0xe ./Core/Src/stm32h7xx_it.o
                0x08000792                EXTI15_10_IRQHandler
 .text.SystemInit
                0x080007a0      0x140 ./Core/Src/system_stm32h7xx.o
                0x080007a0                SystemInit
 .text.SystemCoreClockUpdate
                0x080008e0      0x2f4 ./Core/Src/system_stm32h7xx.o
                0x080008e0                SystemCoreClockUpdate
 .text.ExitRun0Mode
                0x08000bd4       0x30 ./Core/Src/system_stm32h7xx.o
                0x08000bd4                ExitRun0Mode
 .text.Reset_Handler
                0x08000c04       0x54 ./Core/Startup/startup_stm32h743zitx.o
                0x08000c04                Reset_Handler
 .text.Default_Handler
                0x08000c58        0x2 ./Core/Startup/startup_stm32h743zitx.o
                0x08000c58                RTC_Alarm_IRQHandler
                0x08000c58                EXTI2_IRQHandler
                0x08000c58                TIM8_CC_IRQHandler
                0x08000c58                HRTIM1_Master_IRQHandler
                0x08000c58                UART8_IRQHandler
                0x08000c58                SPI4_IRQHandler
                0x08000c58                TIM1_CC_IRQHandler
                0x08000c58                BDMA_Channel6_IRQHandler
                0x08000c58                DMA2_Stream5_IRQHandler
                0x08000c58                HRTIM1_FLT_IRQHandler
                0x08000c58                JPEG_IRQHandler
                0x08000c58                DMA1_Stream5_IRQHandler
                0x08000c58                BDMA_Channel1_IRQHandler
                0x08000c58                HRTIM1_TIMD_IRQHandler
                0x08000c58                TAMP_STAMP_IRQHandler
                0x08000c58                EXTI3_IRQHandler
                0x08000c58                LPTIM4_IRQHandler
                0x08000c58                TIM8_TRG_COM_TIM14_IRQHandler
                0x08000c58                LPTIM2_IRQHandler
                0x08000c58                DFSDM1_FLT1_IRQHandler
                0x08000c58                DMAMUX2_OVR_IRQHandler
                0x08000c58                TIM8_UP_TIM13_IRQHandler
                0x08000c58                I2C3_ER_IRQHandler
                0x08000c58                DFSDM1_FLT2_IRQHandler
                0x08000c58                MDMA_IRQHandler
                0x08000c58                LPTIM3_IRQHandler
                0x08000c58                HSEM1_IRQHandler
                0x08000c58                EXTI0_IRQHandler
                0x08000c58                I2C2_EV_IRQHandler
                0x08000c58                DMA1_Stream2_IRQHandler
                0x08000c58                FPU_IRQHandler
                0x08000c58                OTG_HS_WKUP_IRQHandler
                0x08000c58                FDCAN1_IT1_IRQHandler
                0x08000c58                LTDC_ER_IRQHandler
                0x08000c58                DMA2_Stream2_IRQHandler
                0x08000c58                HRTIM1_TIME_IRQHandler
                0x08000c58                SPI1_IRQHandler
                0x08000c58                TIM6_DAC_IRQHandler
                0x08000c58                DCMI_IRQHandler
                0x08000c58                HRTIM1_TIMC_IRQHandler
                0x08000c58                DMA2_Stream3_IRQHandler
                0x08000c58                SAI2_IRQHandler
                0x08000c58                DFSDM1_FLT3_IRQHandler
                0x08000c58                USART6_IRQHandler
                0x08000c58                TIM17_IRQHandler
                0x08000c58                USART3_IRQHandler
                0x08000c58                BDMA_Channel7_IRQHandler
                0x08000c58                LPTIM5_IRQHandler
                0x08000c58                UART5_IRQHandler
                0x08000c58                ADC3_IRQHandler
                0x08000c58                DMA2_Stream0_IRQHandler
                0x08000c58                TIM4_IRQHandler
                0x08000c58                BDMA_Channel2_IRQHandler
                0x08000c58                QUADSPI_IRQHandler
                0x08000c58                I2C1_EV_IRQHandler
                0x08000c58                DMA1_Stream6_IRQHandler
                0x08000c58                DMAMUX1_OVR_IRQHandler
                0x08000c58                DMA1_Stream1_IRQHandler
                0x08000c58                TIM16_IRQHandler
                0x08000c58                UART4_IRQHandler
                0x08000c58                BDMA_Channel5_IRQHandler
                0x08000c58                TIM3_IRQHandler
                0x08000c58                RCC_IRQHandler
                0x08000c58                TIM8_BRK_TIM12_IRQHandler
                0x08000c58                TIM1_TRG_COM_IRQHandler
                0x08000c58                Default_Handler
                0x08000c58                ECC_IRQHandler
                0x08000c58                CEC_IRQHandler
                0x08000c58                BDMA_Channel0_IRQHandler
                0x08000c58                ADC_IRQHandler
                0x08000c58                DMA1_Stream7_IRQHandler
                0x08000c58                HRTIM1_TIMA_IRQHandler
                0x08000c58                SPI5_IRQHandler
                0x08000c58                TIM7_IRQHandler
                0x08000c58                SDMMC1_IRQHandler
                0x08000c58                TIM5_IRQHandler
                0x08000c58                DMA2_Stream7_IRQHandler
                0x08000c58                TIM15_IRQHandler
                0x08000c58                PVD_AVD_IRQHandler
                0x08000c58                I2C3_EV_IRQHandler
                0x08000c58                EXTI9_5_IRQHandler
                0x08000c58                RTC_WKUP_IRQHandler
                0x08000c58                LTDC_IRQHandler
                0x08000c58                SAI3_IRQHandler
                0x08000c58                ETH_WKUP_IRQHandler
                0x08000c58                SPDIF_RX_IRQHandler
                0x08000c58                SPI2_IRQHandler
                0x08000c58                OTG_HS_EP1_IN_IRQHandler
                0x08000c58                DMA1_Stream0_IRQHandler
                0x08000c58                CRS_IRQHandler
                0x08000c58                EXTI4_IRQHandler
                0x08000c58                RNG_IRQHandler
                0x08000c58                HRTIM1_TIMB_IRQHandler
                0x08000c58                FDCAN2_IT1_IRQHandler
                0x08000c58                ETH_IRQHandler
                0x08000c58                TIM1_UP_IRQHandler
                0x08000c58                BDMA_Channel4_IRQHandler
                0x08000c58                OTG_HS_EP1_OUT_IRQHandler
                0x08000c58                WWDG_IRQHandler
                0x08000c58                SPI6_IRQHandler
                0x08000c58                MDIOS_IRQHandler
                0x08000c58                I2C4_EV_IRQHandler
                0x08000c58                FDCAN2_IT0_IRQHandler
                0x08000c58                LPUART1_IRQHandler
                0x08000c58                FDCAN1_IT0_IRQHandler
                0x08000c58                TIM2_IRQHandler
                0x08000c58                OTG_FS_WKUP_IRQHandler
                0x08000c58                OTG_HS_IRQHandler
                0x08000c58                DMA2D_IRQHandler
                0x08000c58                TIM1_BRK_IRQHandler
                0x08000c58                EXTI1_IRQHandler
                0x08000c58                SDMMC2_IRQHandler
                0x08000c58                OTG_FS_EP1_OUT_IRQHandler
                0x08000c58                BDMA_Channel3_IRQHandler
                0x08000c58                UART7_IRQHandler
                0x08000c58                MDIOS_WKUP_IRQHandler
                0x08000c58                USART2_IRQHandler
                0x08000c58                DFSDM1_FLT0_IRQHandler
                0x08000c58                SAI4_IRQHandler
                0x08000c58                I2C2_ER_IRQHandler
                0x08000c58                DMA2_Stream1_IRQHandler
                0x08000c58                FLASH_IRQHandler
                0x08000c58                DMA2_Stream4_IRQHandler
                0x08000c58                USART1_IRQHandler
                0x08000c58                OTG_FS_IRQHandler
                0x08000c58                SPI3_IRQHandler
                0x08000c58                WAKEUP_PIN_IRQHandler
                0x08000c58                DMA1_Stream4_IRQHandler
                0x08000c58                OTG_FS_EP1_IN_IRQHandler
                0x08000c58                I2C1_ER_IRQHandler
                0x08000c58                FMC_IRQHandler
                0x08000c58                FDCAN_CAL_IRQHandler
                0x08000c58                SWPMI1_IRQHandler
                0x08000c58                COMP1_IRQHandler
                0x08000c58                LPTIM1_IRQHandler
                0x08000c58                I2C4_ER_IRQHandler
                0x08000c58                DMA2_Stream6_IRQHandler
                0x08000c58                SAI1_IRQHandler
                0x08000c58                DMA1_Stream3_IRQHandler
 *fill*         0x08000c5a        0x2 
 .text.BSP_PB_IRQHandler
                0x08000c5c       0x24 ./Drivers/BSP/STM32H7xx_Nucleo/stm32h7xx_nucleo.o
                0x08000c5c                BSP_PB_IRQHandler
 .text.HAL_EXTI_IRQHandler
                0x08000c80       0x60 ./Drivers/STM32H7xx_HAL_Driver/Src/stm32h7xx_hal_exti.o
                0x08000c80                HAL_EXTI_IRQHandler
 .text.Active_ctor
                0x08000ce0       0x1e ./frameworks/FreeAct/src/FreeAct.o
                0x08000ce0                Active_ctor
 *fill*         0x08000cfe        0x2 
 .text.Active_eventLoop
                0x08000d00       0x60 ./frameworks/FreeAct/src/FreeAct.o
 .text.Active_start
                0x08000d60       0x88 ./frameworks/FreeAct/src/FreeAct.o
                0x08000d60                Active_start
 .text.Active_post
                0x08000de8       0x34 ./frameworks/FreeAct/src/FreeAct.o
                0x08000de8                Active_post
 .text.Active_postFromISR
                0x08000e1c       0x38 ./frameworks/FreeAct/src/FreeAct.o
                0x08000e1c                Active_postFromISR
 .text.TimeEvent_ctor
                0x08000e54       0x60 ./frameworks/FreeAct/src/FreeAct.o
                0x08000e54                TimeEvent_ctor
 .text.TimeEvent_arm
                0x08000eb4       0xa8 ./frameworks/FreeAct/src/FreeAct.o
                0x08000eb4                TimeEvent_arm
 .text.TimeEvent_callback
                0x08000f5c       0x24 ./frameworks/FreeAct/src/FreeAct.o
 .text.vListInitialise
                0x08000f80       0x40 ./frameworks/FreeRTOS/list.o
                0x08000f80                vListInitialise
 .text.vListInitialiseItem
                0x08000fc0       0x1a ./frameworks/FreeRTOS/list.o
                0x08000fc0                vListInitialiseItem
 .text.vListInsert
                0x08000fda       0x72 ./frameworks/FreeRTOS/list.o
                0x08000fda                vListInsert
 .text.uxListRemove
                0x0800104c       0x54 ./frameworks/FreeRTOS/list.o
                0x0800104c                uxListRemove
 .text.xQueueGenericReset
                0x080010a0      0x10c ./frameworks/FreeRTOS/queue.o
                0x080010a0                xQueueGenericReset
 .text.xQueueGenericCreateStatic
                0x080011ac       0x94 ./frameworks/FreeRTOS/queue.o
                0x080011ac                xQueueGenericCreateStatic
 .text.prvInitialiseNewQueue
                0x08001240       0x3e ./frameworks/FreeRTOS/queue.o
 *fill*         0x0800127e        0x2 
 .text.xQueueGenericSend
                0x08001280      0x1d0 ./frameworks/FreeRTOS/queue.o
                0x08001280                xQueueGenericSend
 .text.xQueueGenericSendFromISR
                0x08001450      0x13c ./frameworks/FreeRTOS/queue.o
                0x08001450                xQueueGenericSendFromISR
 .text.xQueueReceive
                0x0800158c      0x1a0 ./frameworks/FreeRTOS/queue.o
                0x0800158c                xQueueReceive
 .text.prvCopyDataToQueue
                0x0800172c       0xd4 ./frameworks/FreeRTOS/queue.o
 .text.prvCopyDataFromQueue
                0x08001800       0x4c ./frameworks/FreeRTOS/queue.o
 .text.prvUnlockQueue
                0x0800184c       0xa4 ./frameworks/FreeRTOS/queue.o
 .text.prvIsQueueEmpty
                0x080018f0       0x2c ./frameworks/FreeRTOS/queue.o
 .text.prvIsQueueFull
                0x0800191c       0x30 ./frameworks/FreeRTOS/queue.o
 .text.vQueueAddToRegistry
                0x0800194c       0x90 ./frameworks/FreeRTOS/queue.o
                0x0800194c                vQueueAddToRegistry
 .text.vQueueWaitForMessageRestricted
                0x080019dc       0x68 ./frameworks/FreeRTOS/queue.o
                0x080019dc                vQueueWaitForMessageRestricted
 .text.xTaskCreateStatic
                0x08001a44       0x9c ./frameworks/FreeRTOS/tasks.o
                0x08001a44                xTaskCreateStatic
 .text.prvInitialiseNewTask
                0x08001ae0      0x108 ./frameworks/FreeRTOS/tasks.o
 .text.prvAddNewTaskToReadyList
                0x08001be8      0x124 ./frameworks/FreeRTOS/tasks.o
 .text.vTaskStartScheduler
                0x08001d0c       0xd4 ./frameworks/FreeRTOS/tasks.o
                0x08001d0c                vTaskStartScheduler
 .text.vTaskSuspendAll
                0x08001de0       0x1c ./frameworks/FreeRTOS/tasks.o
                0x08001de0                vTaskSuspendAll
 .text.xTaskResumeAll
                0x08001dfc      0x1f0 ./frameworks/FreeRTOS/tasks.o
                0x08001dfc                xTaskResumeAll
 .text.xTaskGetTickCount
                0x08001fec       0x20 ./frameworks/FreeRTOS/tasks.o
                0x08001fec                xTaskGetTickCount
 .text.uxTaskGetNumberOfTasks
                0x0800200c       0x18 ./frameworks/FreeRTOS/tasks.o
                0x0800200c                uxTaskGetNumberOfTasks
 .text.xTaskIncrementTick
                0x08002024      0x234 ./frameworks/FreeRTOS/tasks.o
                0x08002024                xTaskIncrementTick
 .text.vTaskSwitchContext
                0x08002258       0xf8 ./frameworks/FreeRTOS/tasks.o
                0x08002258                vTaskSwitchContext
 .text.vTaskPlaceOnEventList
                0x08002350       0x40 ./frameworks/FreeRTOS/tasks.o
                0x08002350                vTaskPlaceOnEventList
 .text.vTaskPlaceOnEventListRestricted
                0x08002390       0x84 ./frameworks/FreeRTOS/tasks.o
                0x08002390                vTaskPlaceOnEventListRestricted
 .text.xTaskRemoveFromEventList
                0x08002414      0x1a0 ./frameworks/FreeRTOS/tasks.o
                0x08002414                xTaskRemoveFromEventList
 .text.vTaskInternalSetTimeOutState
                0x080025b4       0x2c ./frameworks/FreeRTOS/tasks.o
                0x080025b4                vTaskInternalSetTimeOutState
 .text.xTaskCheckForTimeOut
                0x080025e0       0xa8 ./frameworks/FreeRTOS/tasks.o
                0x080025e0                xTaskCheckForTimeOut
 .text.vTaskMissedYield
                0x08002688       0x18 ./frameworks/FreeRTOS/tasks.o
                0x08002688                vTaskMissedYield
 .text.prvIdleTask
                0x080026a0       0x14 ./frameworks/FreeRTOS/tasks.o
 .text.prvInitialiseTaskLists
                0x080026b4       0x74 ./frameworks/FreeRTOS/tasks.o
 .text.prvCheckTasksWaitingTermination
                0x08002728       0x5c ./frameworks/FreeRTOS/tasks.o
 .text.prvDeleteTCB
                0x08002784       0x14 ./frameworks/FreeRTOS/tasks.o
 .text.prvResetNextTaskUnblockTime
                0x08002798       0x38 ./frameworks/FreeRTOS/tasks.o
 .text.xTaskGetSchedulerState
                0x080027d0       0x3c ./frameworks/FreeRTOS/tasks.o
                0x080027d0                xTaskGetSchedulerState
 .text.xTaskPriorityDisinherit
                0x0800280c      0x130 ./frameworks/FreeRTOS/tasks.o
                0x0800280c                xTaskPriorityDisinherit
 .text.prvAddCurrentTaskToDelayedList
                0x0800293c       0xa8 ./frameworks/FreeRTOS/tasks.o
 .text.xTimerCreateTimerTask
                0x080029e4       0x88 ./frameworks/FreeRTOS/timers.o
                0x080029e4                xTimerCreateTimerTask
 .text.xTimerCreateStatic
                0x08002a6c       0x68 ./frameworks/FreeRTOS/timers.o
                0x08002a6c                xTimerCreateStatic
 .text.prvInitialiseNewTimer
                0x08002ad4       0x68 ./frameworks/FreeRTOS/timers.o
 .text.xTimerGenericCommand
                0x08002b3c       0x94 ./frameworks/FreeRTOS/timers.o
                0x08002b3c                xTimerGenericCommand
 .text.prvReloadTimer
                0x08002bd0       0x42 ./frameworks/FreeRTOS/timers.o
 *fill*         0x08002c12        0x2 
 .text.prvProcessExpiredTimer
                0x08002c14       0x60 ./frameworks/FreeRTOS/timers.o
 .text.prvTimerTask
                0x08002c74       0x26 ./frameworks/FreeRTOS/timers.o
 *fill*         0x08002c9a        0x2 
 .text.prvProcessTimerOrBlockTask
                0x08002c9c       0x9c ./frameworks/FreeRTOS/timers.o
 .text.prvGetNextExpireTime
                0x08002d38       0x48 ./frameworks/FreeRTOS/timers.o
 .text.prvSampleTimeNow
                0x08002d80       0x40 ./frameworks/FreeRTOS/timers.o
 .text.prvInsertTimerInActiveList
                0x08002dc0       0x84 ./frameworks/FreeRTOS/timers.o
 .text.prvProcessReceivedCommands
                0x08002e44      0x160 ./frameworks/FreeRTOS/timers.o
 .text.prvSwitchTimerLists
                0x08002fa4       0x4c ./frameworks/FreeRTOS/timers.o
 .text.prvCheckForValidListAndQueue
                0x08002ff0       0x80 ./frameworks/FreeRTOS/timers.o
 .text.pxPortInitialiseStack
                0x08003070       0x68 ./frameworks/FreeRTOS/r0p1/port.o
                0x08003070                pxPortInitialiseStack
 .text.prvTaskExitError
                0x080030d8       0x50 ./frameworks/FreeRTOS/r0p1/port.o
 *fill*         0x08003128        0x8 
 .text.SVC_Handler
                0x08003130       0x28 ./frameworks/FreeRTOS/r0p1/port.o
                0x08003130                SVC_Handler
 .text.prvPortStartFirstTask
                0x08003158       0x2c ./frameworks/FreeRTOS/r0p1/port.o
 .text.xPortStartScheduler
                0x08003184       0xd4 ./frameworks/FreeRTOS/r0p1/port.o
                0x08003184                xPortStartScheduler
 .text.vPortEnterCritical
                0x08003258       0x58 ./frameworks/FreeRTOS/r0p1/port.o
                0x08003258                vPortEnterCritical
 .text.vPortExitCritical
                0x080032b0       0x48 ./frameworks/FreeRTOS/r0p1/port.o
                0x080032b0                vPortExitCritical
 *fill*         0x080032f8        0x8 
 .text.PendSV_Handler
                0x08003300       0x68 ./frameworks/FreeRTOS/r0p1/port.o
                0x08003300                PendSV_Handler
 .text.SysTick_Handler
                0x08003368       0x48 ./frameworks/FreeRTOS/r0p1/port.o
                0x08003368                SysTick_Handler
 .text.vPortSetupTimerInterrupt
                0x080033b0       0x48 ./frameworks/FreeRTOS/r0p1/port.o
                0x080033b0                vPortSetupTimerInterrupt
 .text.vPortEnableVFP
                0x080033f8       0x18 ./frameworks/FreeRTOS/r0p1/port.o
 .text.vPortValidateInterruptPriority
                0x08003410       0x68 ./frameworks/FreeRTOS/r0p1/port.o
                0x08003410                vPortValidateInterruptPriority
 .text.memset   0x08003478       0x10 C:/ST/STM32CubeIDE_1.17.0/STM32CubeIDE/plugins/com.st.stm32cube.ide.mcu.externaltools.gnu-tools-for-stm32.12.3.rel1.win32_1.1.0.202410251130/tools/bin/../lib/gcc/arm-none-eabi/12.3.1/../../../../arm-none-eabi/lib/thumb/v7e-m+dp/hard\libc_nano.a(libc_a-memset.o)
                0x08003478                memset
 .text.__libc_init_array
                0x08003488       0x48 C:/ST/STM32CubeIDE_1.17.0/STM32CubeIDE/plugins/com.st.stm32cube.ide.mcu.externaltools.gnu-tools-for-stm32.12.3.rel1.win32_1.1.0.202410251130/tools/bin/../lib/gcc/arm-none-eabi/12.3.1/../../../../arm-none-eabi/lib/thumb/v7e-m+dp/hard\libc_nano.a(libc_a-init.o)
                0x08003488                __libc_init_array
 .text.memcpy   0x080034d0       0x1c C:/ST/STM32CubeIDE_1.17.0/STM32CubeIDE/plugins/com.st.stm32cube.ide.mcu.externaltools.gnu-tools-for-stm32.12.3.rel1.win32_1.1.0.202410251130/tools/bin/../lib/gcc/arm-none-eabi/12.3.1/../../../../arm-none-eabi/lib/thumb/v7e-m+dp/hard\libc_nano.a(libc_a-memcpy-stub.o)
                0x080034d0                memcpy
 *(.glue_7)
 .glue_7        0x080034ec        0x0 linker stubs
 *(.glue_7t)
 .glue_7t       0x080034ec        0x0 linker stubs
 *(.eh_frame)
 .eh_frame      0x080034ec        0x0 C:/ST/STM32CubeIDE_1.17.0/STM32CubeIDE/plugins/com.st.stm32cube.ide.mcu.externaltools.gnu-tools-for-stm32.12.3.rel1.win32_1.1.0.202410251130/tools/bin/../lib/gcc/arm-none-eabi/12.3.1/thumb/v7e-m+dp/hard/crtbegin.o
 *(.init)
 .init          0x080034ec        0x4 C:/ST/STM32CubeIDE_1.17.0/STM32CubeIDE/plugins/com.st.stm32cube.ide.mcu.externaltools.gnu-tools-for-stm32.12.3.rel1.win32_1.1.0.202410251130/tools/bin/../lib/gcc/arm-none-eabi/12.3.1/thumb/v7e-m+dp/hard/crti.o
                0x080034ec                _init
 .init          0x080034f0        0x8 C:/ST/STM32CubeIDE_1.17.0/STM32CubeIDE/plugins/com.st.stm32cube.ide.mcu.externaltools.gnu-tools-for-stm32.12.3.rel1.win32_1.1.0.202410251130/tools/bin/../lib/gcc/arm-none-eabi/12.3.1/thumb/v7e-m+dp/hard/crtn.o
 *(.fini)
 .fini          0x080034f8        0x4 C:/ST/STM32CubeIDE_1.17.0/STM32CubeIDE/plugins/com.st.stm32cube.ide.mcu.externaltools.gnu-tools-for-stm32.12.3.rel1.win32_1.1.0.202410251130/tools/bin/../lib/gcc/arm-none-eabi/12.3.1/thumb/v7e-m+dp/hard/crti.o
                0x080034f8                _fini
 .fini          0x080034fc        0x8 C:/ST/STM32CubeIDE_1.17.0/STM32CubeIDE/plugins/com.st.stm32cube.ide.mcu.externaltools.gnu-tools-for-stm32.12.3.rel1.win32_1.1.0.202410251130/tools/bin/../lib/gcc/arm-none-eabi/12.3.1/thumb/v7e-m+dp/hard/crtn.o
                0x08003504                        . = ALIGN (0x4)
                0x08003504                        _etext = .

.vfp11_veneer   0x08003504        0x0
 .vfp11_veneer  0x08003504        0x0 linker stubs

.v4_bx          0x08003504        0x0
 .v4_bx         0x08003504        0x0 linker stubs

.iplt           0x08003504        0x0
 .iplt          0x08003504        0x0 C:/ST/STM32CubeIDE_1.17.0/STM32CubeIDE/plugins/com.st.stm32cube.ide.mcu.externaltools.gnu-tools-for-stm32.12.3.rel1.win32_1.1.0.202410251130/tools/bin/../lib/gcc/arm-none-eabi/12.3.1/thumb/v7e-m+dp/hard/crtbegin.o

.rodata         0x08003504      0x2b4
                0x08003504                        . = ALIGN (0x4)
 *(.rodata)
 .rodata        0x08003504       0x6f ./frameworks/FreeAct/src/FreeAct.o
 *fill*         0x08003573        0x1 
 .rodata        0x08003574       0x7c ./frameworks/FreeRTOS/queue.o
 .rodata        0x080035f0       0x81 ./frameworks/FreeRTOS/tasks.o
 *fill*         0x08003671        0x3 
 .rodata        0x08003674       0x8d ./frameworks/FreeRTOS/timers.o
 *fill*         0x08003701        0x3 
 .rodata        0x08003704       0x95 ./frameworks/FreeRTOS/r0p1/port.o
 *(.rodata*)
 *fill*         0x08003799        0x3 
 .rodata.buttonPressedEvt.5
                0x0800379c        0x2 ./Core/Src/bsp.o
 *fill*         0x0800379e        0x2 
 .rodata.buttonReleasedEvt.4
                0x080037a0        0x2 ./Core/Src/bsp.o
 *fill*         0x080037a2        0x2 
 .rodata.D1CorePrescTable
                0x080037a4       0x10 ./Core/Src/system_stm32h7xx.o
                0x080037a4                D1CorePrescTable
 .rodata.initEvt.0
                0x080037b4        0x2 ./frameworks/FreeAct/src/FreeAct.o
                0x080037b8                        . = ALIGN (0x4)
 *fill*         0x080037b6        0x2 

.ARM.extab
 *(.ARM.extab* .gnu.linkonce.armextab.*)

.ARM            0x080037b8        0x0
                0x080037b8                        __exidx_start = .
 *(.ARM.exidx*)
                0x080037b8                        __exidx_end = .

.preinit_array  0x080037b8        0x0
                0x080037b8                        PROVIDE (__preinit_array_start = .)
 *(.preinit_array*)
                0x080037b8                        PROVIDE (__preinit_array_end = .)

.init_array     0x080037b8        0x4
                0x080037b8                        PROVIDE (__init_array_start = .)
 *(SORT_BY_NAME(.init_array.*))
 *(.init_array*)
 .init_array    0x080037b8        0x4 C:/ST/STM32CubeIDE_1.17.0/STM32CubeIDE/plugins/com.st.stm32cube.ide.mcu.externaltools.gnu-tools-for-stm32.12.3.rel1.win32_1.1.0.202410251130/tools/bin/../lib/gcc/arm-none-eabi/12.3.1/thumb/v7e-m+dp/hard/crtbegin.o
                0x080037bc                        PROVIDE (__init_array_end = .)

.fini_array     0x080037bc        0x4
                [!provide]                        PROVIDE (__fini_array_start = .)
 *(SORT_BY_NAME(.fini_array.*))
 *(.fini_array*)
 .fini_array    0x080037bc        0x4 C:/ST/STM32CubeIDE_1.17.0/STM32CubeIDE/plugins/com.st.stm32cube.ide.mcu.externaltools.gnu-tools-for-stm32.12.3.rel1.win32_1.1.0.202410251130/tools/bin/../lib/gcc/arm-none-eabi/12.3.1/thumb/v7e-m+dp/hard/crtbegin.o
                [!provide]                        PROVIDE (__fini_array_end = .)
                0x080037c0                        _sidata = LOADADDR (.data)

.rel.dyn        0x080037c0        0x0
 .rel.iplt      0x080037c0        0x0 C:/ST/STM32CubeIDE_1.17.0/STM32CubeIDE/plugins/com.st.stm32cube.ide.mcu.externaltools.gnu-tools-for-stm32.12.3.rel1.win32_1.1.0.202410251130/tools/bin/../lib/gcc/arm-none-eabi/12.3.1/thumb/v7e-m+dp/hard/crtbegin.o

.data           0x24000000       0x14 load address 0x080037c0
                0x24000000                        . = ALIGN (0x4)
                0x24000000                        _sdata = .
 *(.data)
 *(.data*)
 .data.AO_blinkyButton
                0x24000000        0x4 ./Core/Src/main.o
                0x24000000                AO_blinkyButton
 .data.SystemCoreClock
                0x24000004        0x4 ./Core/Src/system_stm32h7xx.o
                0x24000004                SystemCoreClock
 .data.SystemD2Clock
                0x24000008        0x4 ./Core/Src/system_stm32h7xx.o
                0x24000008                SystemD2Clock
 .data.uxTopUsedPriority
                0x2400000c        0x4 ./frameworks/FreeRTOS/tasks.o
                0x2400000c                uxTopUsedPriority
 .data.uxCriticalNesting
                0x24000010        0x4 ./frameworks/FreeRTOS/r0p1/port.o
 *(.RamFunc)
 *(.RamFunc*)
                0x24000014                        . = ALIGN (0x4)
                0x24000014                        _edata = .

.igot.plt       0x24000014        0x0 load address 0x080037d4
 .igot.plt      0x24000014        0x0 C:/ST/STM32CubeIDE_1.17.0/STM32CubeIDE/plugins/com.st.stm32cube.ide.mcu.externaltools.gnu-tools-for-stm32.12.3.rel1.win32_1.1.0.202410251130/tools/bin/../lib/gcc/arm-none-eabi/12.3.1/thumb/v7e-m+dp/hard/crtbegin.o
                0x24000014                        . = ALIGN (0x4)

.bss            0x24000014     0x16a0 load address 0x080037d4
                0x24000014                        _sbss = .
                0x24000014                        __bss_start__ = _sbss
 *(.bss)
 .bss           0x24000014       0x1c C:/ST/STM32CubeIDE_1.17.0/STM32CubeIDE/plugins/com.st.stm32cube.ide.mcu.externaltools.gnu-tools-for-stm32.12.3.rel1.win32_1.1.0.202410251130/tools/bin/../lib/gcc/arm-none-eabi/12.3.1/thumb/v7e-m+dp/hard/crtbegin.o
 *(.bss*)
 .bss.buttons.6
                0x24000030        0x8 ./Core/Src/bsp.o
 .bss.xIdleTaskTCB.3
                0x24000038       0x4c ./Core/Src/bsp.o
 .bss.uxIdleTaskStack.2
                0x24000084      0x400 ./Core/Src/bsp.o
 .bss.xTimerTask_TCB.1
                0x24000484       0x4c ./Core/Src/bsp.o
 .bss.uxTimerTaskStack.0
                0x240004d0      0x800 ./Core/Src/bsp.o
 .bss.blinkyButton_stack
                0x24000cd0      0x400 ./Core/Src/main.o
 .bss.blinkyButton_queue
                0x240010d0       0x28 ./Core/Src/main.o
 .bss.blinkyButton
                0x240010f8       0xdc ./Core/Src/main.o
 .bss.hpb_exti  0x240011d4        0x8 ./Drivers/BSP/STM32H7xx_Nucleo/stm32h7xx_nucleo.o
                0x240011d4                hpb_exti
 .bss.xQueueRegistry
                0x240011dc       0x50 ./frameworks/FreeRTOS/queue.o
                0x240011dc                xQueueRegistry
 .bss.pxCurrentTCB
                0x2400122c        0x4 ./frameworks/FreeRTOS/tasks.o
                0x2400122c                pxCurrentTCB
 .bss.pxReadyTasksLists
                0x24001230      0x280 ./frameworks/FreeRTOS/tasks.o
 .bss.xDelayedTaskList1
                0x240014b0       0x14 ./frameworks/FreeRTOS/tasks.o
 .bss.xDelayedTaskList2
                0x240014c4       0x14 ./frameworks/FreeRTOS/tasks.o
 .bss.pxDelayedTaskList
                0x240014d8        0x4 ./frameworks/FreeRTOS/tasks.o
 .bss.pxOverflowDelayedTaskList
                0x240014dc        0x4 ./frameworks/FreeRTOS/tasks.o
 .bss.xPendingReadyList
                0x240014e0       0x14 ./frameworks/FreeRTOS/tasks.o
 .bss.xTasksWaitingTermination
                0x240014f4       0x14 ./frameworks/FreeRTOS/tasks.o
 .bss.uxDeletedTasksWaitingCleanUp
                0x24001508        0x4 ./frameworks/FreeRTOS/tasks.o
 .bss.uxCurrentNumberOfTasks
                0x2400150c        0x4 ./frameworks/FreeRTOS/tasks.o
 .bss.xTickCount
                0x24001510        0x4 ./frameworks/FreeRTOS/tasks.o
 .bss.uxTopReadyPriority
                0x24001514        0x4 ./frameworks/FreeRTOS/tasks.o
 .bss.xSchedulerRunning
                0x24001518        0x4 ./frameworks/FreeRTOS/tasks.o
 .bss.xPendedTicks
                0x2400151c        0x4 ./frameworks/FreeRTOS/tasks.o
 .bss.xYieldPending
                0x24001520        0x4 ./frameworks/FreeRTOS/tasks.o
 .bss.xNumOfOverflows
                0x24001524        0x4 ./frameworks/FreeRTOS/tasks.o
 .bss.uxTaskNumber
                0x24001528        0x4 ./frameworks/FreeRTOS/tasks.o
 .bss.xNextTaskUnblockTime
                0x2400152c        0x4 ./frameworks/FreeRTOS/tasks.o
 .bss.xIdleTaskHandle
                0x24001530        0x4 ./frameworks/FreeRTOS/tasks.o
 .bss.uxSchedulerSuspended
                0x24001534        0x4 ./frameworks/FreeRTOS/tasks.o
 .bss.xActiveTimerList1
                0x24001538       0x14 ./frameworks/FreeRTOS/timers.o
 .bss.xActiveTimerList2
                0x2400154c       0x14 ./frameworks/FreeRTOS/timers.o
 .bss.pxCurrentTimerList
                0x24001560        0x4 ./frameworks/FreeRTOS/timers.o
 .bss.pxOverflowTimerList
                0x24001564        0x4 ./frameworks/FreeRTOS/timers.o
 .bss.xTimerQueue
                0x24001568        0x4 ./frameworks/FreeRTOS/timers.o
 .bss.xTimerTaskHandle
                0x2400156c        0x4 ./frameworks/FreeRTOS/timers.o
 .bss.xLastTime.2
                0x24001570        0x4 ./frameworks/FreeRTOS/timers.o
 .bss.ucStaticTimerQueueStorage.1
                0x24001574       0xf0 ./frameworks/FreeRTOS/timers.o
 .bss.xStaticTimerQueue.0
                0x24001664       0x48 ./frameworks/FreeRTOS/timers.o
 .bss.ucMaxSysCallPriority
                0x240016ac        0x1 ./frameworks/FreeRTOS/r0p1/port.o
 *fill*         0x240016ad        0x3 
 .bss.ulMaxPRIGROUPValue
                0x240016b0        0x4 ./frameworks/FreeRTOS/r0p1/port.o
 *(COMMON)
                0x240016b4                        . = ALIGN (0x4)
                0x240016b4                        _ebss = .
                0x240016b4                        __bss_end__ = _ebss

._user_heap_stack
                0x240016b4      0x604 load address 0x080037d4
                0x240016b8                        . = ALIGN (0x8)
 *fill*         0x240016b4        0x4 
                [!provide]                        PROVIDE (end = .)
                0x240016b8                        PROVIDE (_end = .)
                0x240018b8                        . = (. + _Min_Heap_Size)
 *fill*         0x240016b8      0x200 
                0x24001cb8                        . = (. + _Min_Stack_Size)
 *fill*         0x240018b8      0x400 
                0x24001cb8                        . = ALIGN (0x8)

/DISCARD/
 libc.a(*)
 libm.a(*)
 libgcc.a(*)

.ARM.attributes
                0x00000000       0x2e
 *(.ARM.attributes)
 .ARM.attributes
                0x00000000       0x20 C:/ST/STM32CubeIDE_1.17.0/STM32CubeIDE/plugins/com.st.stm32cube.ide.mcu.externaltools.gnu-tools-for-stm32.12.3.rel1.win32_1.1.0.202410251130/tools/bin/../lib/gcc/arm-none-eabi/12.3.1/thumb/v7e-m+dp/hard/crti.o
 .ARM.attributes
                0x00000020       0x32 C:/ST/STM32CubeIDE_1.17.0/STM32CubeIDE/plugins/com.st.stm32cube.ide.mcu.externaltools.gnu-tools-for-stm32.12.3.rel1.win32_1.1.0.202410251130/tools/bin/../lib/gcc/arm-none-eabi/12.3.1/thumb/v7e-m+dp/hard/crtbegin.o
 .ARM.attributes
                0x00000052       0x32 ./Core/Src/bsp.o
 .ARM.attributes
                0x00000084       0x32 ./Core/Src/main.o
 .ARM.attributes
                0x000000b6       0x32 ./Core/Src/stm32h7xx_it.o
 .ARM.attributes
                0x000000e8       0x32 ./Core/Src/system_stm32h7xx.o
 .ARM.attributes
                0x0000011a       0x21 ./Core/Startup/startup_stm32h743zitx.o
 .ARM.attributes
                0x0000013b       0x32 ./Drivers/BSP/STM32H7xx_Nucleo/stm32h7xx_nucleo.o
 .ARM.attributes
                0x0000016d       0x32 ./Drivers/STM32H7xx_HAL_Driver/Src/stm32h7xx_hal_exti.o
 .ARM.attributes
                0x0000019f       0x32 ./frameworks/FreeAct/src/FreeAct.o
 .ARM.attributes
                0x000001d1       0x32 ./frameworks/FreeRTOS/list.o
 .ARM.attributes
                0x00000203       0x32 ./frameworks/FreeRTOS/queue.o
 .ARM.attributes
                0x00000235       0x32 ./frameworks/FreeRTOS/tasks.o
 .ARM.attributes
                0x00000267       0x32 ./frameworks/FreeRTOS/timers.o
 .ARM.attributes
                0x00000299       0x32 ./frameworks/FreeRTOS/r0p1/port.o
 .ARM.attributes
                0x000002cb       0x32 C:/ST/STM32CubeIDE_1.17.0/STM32CubeIDE/plugins/com.st.stm32cube.ide.mcu.externaltools.gnu-tools-for-stm32.12.3.rel1.win32_1.1.0.202410251130/tools/bin/../lib/gcc/arm-none-eabi/12.3.1/../../../../arm-none-eabi/lib/thumb/v7e-m+dp/hard\libc_nano.a(libc_a-memset.o)
 .ARM.attributes
                0x000002fd       0x32 C:/ST/STM32CubeIDE_1.17.0/STM32CubeIDE/plugins/com.st.stm32cube.ide.mcu.externaltools.gnu-tools-for-stm32.12.3.rel1.win32_1.1.0.202410251130/tools/bin/../lib/gcc/arm-none-eabi/12.3.1/../../../../arm-none-eabi/lib/thumb/v7e-m+dp/hard\libc_nano.a(libc_a-init.o)
 .ARM.attributes
                0x0000032f       0x32 C:/ST/STM32CubeIDE_1.17.0/STM32CubeIDE/plugins/com.st.stm32cube.ide.mcu.externaltools.gnu-tools-for-stm32.12.3.rel1.win32_1.1.0.202410251130/tools/bin/../lib/gcc/arm-none-eabi/12.3.1/../../../../arm-none-eabi/lib/thumb/v7e-m+dp/hard\libc_nano.a(libc_a-memcpy-stub.o)
 .ARM.attributes
                0x00000361       0x20 C:/ST/STM32CubeIDE_1.17.0/STM32CubeIDE/plugins/com.st.stm32cube.ide.mcu.externaltools.gnu-tools-for-stm32.12.3.rel1.win32_1.1.0.202410251130/tools/bin/../lib/gcc/arm-none-eabi/12.3.1/thumb/v7e-m+dp/hard/crtn.o
OUTPUT(blinky_button.elf elf32-littlearm)
LOAD linker stubs
LOAD C:/ST/STM32CubeIDE_1.17.0/STM32CubeIDE/plugins/com.st.stm32cube.ide.mcu.externaltools.gnu-tools-for-stm32.12.3.rel1.win32_1.1.0.202410251130/tools/bin/../lib/gcc/arm-none-eabi/12.3.1/../../../../arm-none-eabi/lib/thumb/v7e-m+dp/hard\libc.a
LOAD C:/ST/STM32CubeIDE_1.17.0/STM32CubeIDE/plugins/com.st.stm32cube.ide.mcu.externaltools.gnu-tools-for-stm32.12.3.rel1.win32_1.1.0.202410251130/tools/bin/../lib/gcc/arm-none-eabi/12.3.1/../../../../arm-none-eabi/lib/thumb/v7e-m+dp/hard\libm.a
LOAD C:/ST/STM32CubeIDE_1.17.0/STM32CubeIDE/plugins/com.st.stm32cube.ide.mcu.externaltools.gnu-tools-for-stm32.12.3.rel1.win32_1.1.0.202410251130/tools/bin/../lib/gcc/arm-none-eabi/12.3.1/thumb/v7e-m+dp/hard\libgcc.a

.debug_info     0x00000000     0x9c3a
 .debug_info    0x00000000     0x1146 ./Core/Src/bsp.o
 .debug_info    0x00001146      0x767 ./Core/Src/main.o
 .debug_info    0x000018ad      0x139 ./Core/Src/stm32h7xx_it.o
 .debug_info    0x000019e6      0xdb2 ./Core/Src/system_stm32h7xx.o
 .debug_info    0x00002798       0x30 ./Core/Startup/startup_stm32h743zitx.o
 .debug_info    0x000027c8     0x1a7c ./Drivers/BSP/STM32H7xx_Nucleo/stm32h7xx_nucleo.o
 .debug_info    0x00004244      0x916 ./Drivers/STM32H7xx_HAL_Driver/Src/stm32h7xx_hal_exti.o
 .debug_info    0x00004b5a      0xa5d ./frameworks/FreeAct/src/FreeAct.o
 .debug_info    0x000055b7      0x2af ./frameworks/FreeRTOS/list.o
 .debug_info    0x00005866     0x1505 ./frameworks/FreeRTOS/queue.o
 .debug_info    0x00006d6b     0x1adb ./frameworks/FreeRTOS/tasks.o
 .debug_info    0x00008846      0xfea ./frameworks/FreeRTOS/timers.o
 .debug_info    0x00009830      0x40a ./frameworks/FreeRTOS/r0p1/port.o

.debug_abbrev   0x00000000     0x1bbd
 .debug_abbrev  0x00000000      0x2f5 ./Core/Src/bsp.o
 .debug_abbrev  0x000002f5      0x229 ./Core/Src/main.o
 .debug_abbrev  0x0000051e       0xa7 ./Core/Src/stm32h7xx_it.o
 .debug_abbrev  0x000005c5      0x165 ./Core/Src/system_stm32h7xx.o
 .debug_abbrev  0x0000072a       0x24 ./Core/Startup/startup_stm32h743zitx.o
 .debug_abbrev  0x0000074e      0x340 ./Drivers/BSP/STM32H7xx_Nucleo/stm32h7xx_nucleo.o
 .debug_abbrev  0x00000a8e      0x1df ./Drivers/STM32H7xx_HAL_Driver/Src/stm32h7xx_hal_exti.o
 .debug_abbrev  0x00000c6d      0x26d ./frameworks/FreeAct/src/FreeAct.o
 .debug_abbrev  0x00000eda       0xf5 ./frameworks/FreeRTOS/list.o
 .debug_abbrev  0x00000fcf      0x33b ./frameworks/FreeRTOS/queue.o
 .debug_abbrev  0x0000130a      0x39b ./frameworks/FreeRTOS/tasks.o
 .debug_abbrev  0x000016a5      0x2c1 ./frameworks/FreeRTOS/timers.o
 .debug_abbrev  0x00001966      0x257 ./frameworks/FreeRTOS/r0p1/port.o

.debug_aranges  0x00000000      0x720
 .debug_aranges
                0x00000000       0x78 ./Core/Src/bsp.o
 .debug_aranges
                0x00000078       0x30 ./Core/Src/main.o
 .debug_aranges
                0x000000a8       0x50 ./Core/Src/stm32h7xx_it.o
 .debug_aranges
                0x000000f8       0x30 ./Core/Src/system_stm32h7xx.o
 .debug_aranges
                0x00000128       0x28 ./Core/Startup/startup_stm32h743zitx.o
 .debug_aranges
                0x00000150       0xb8 ./Drivers/BSP/STM32H7xx_Nucleo/stm32h7xx_nucleo.o
 .debug_aranges
                0x00000208       0x60 ./Drivers/STM32H7xx_HAL_Driver/Src/stm32h7xx_hal_exti.o
 .debug_aranges
                0x00000268       0x60 ./frameworks/FreeAct/src/FreeAct.o
 .debug_aranges
                0x000002c8       0x40 ./frameworks/FreeRTOS/list.o
 .debug_aranges
                0x00000308      0x128 ./frameworks/FreeRTOS/queue.o
 .debug_aranges
                0x00000430      0x198 ./frameworks/FreeRTOS/tasks.o
 .debug_aranges
                0x000005c8       0xd8 ./frameworks/FreeRTOS/timers.o
 .debug_aranges
                0x000006a0       0x80 ./frameworks/FreeRTOS/r0p1/port.o

.debug_rnglists
                0x00000000      0x550
 .debug_rnglists
                0x00000000       0x57 ./Core/Src/bsp.o
 .debug_rnglists
                0x00000057       0x20 ./Core/Src/main.o
 .debug_rnglists
                0x00000077       0x37 ./Core/Src/stm32h7xx_it.o
 .debug_rnglists
                0x000000ae       0x21 ./Core/Src/system_stm32h7xx.o
 .debug_rnglists
                0x000000cf       0x19 ./Core/Startup/startup_stm32h743zitx.o
 .debug_rnglists
                0x000000e8       0x88 ./Drivers/BSP/STM32H7xx_Nucleo/stm32h7xx_nucleo.o
 .debug_rnglists
                0x00000170       0x46 ./Drivers/STM32H7xx_HAL_Driver/Src/stm32h7xx_hal_exti.o
 .debug_rnglists
                0x000001b6       0x46 ./frameworks/FreeAct/src/FreeAct.o
 .debug_rnglists
                0x000001fc       0x2b ./frameworks/FreeRTOS/list.o
 .debug_rnglists
                0x00000227       0xe6 ./frameworks/FreeRTOS/queue.o
 .debug_rnglists
                0x0000030d      0x144 ./frameworks/FreeRTOS/tasks.o
 .debug_rnglists
                0x00000451       0xa3 ./frameworks/FreeRTOS/timers.o
 .debug_rnglists
                0x000004f4       0x5c ./frameworks/FreeRTOS/r0p1/port.o

.debug_macro    0x00000000    0x2b29f
 .debug_macro   0x00000000      0x228 ./Core/Src/bsp.o
 .debug_macro   0x00000228      0xad8 ./Core/Src/bsp.o
 .debug_macro   0x00000d00      0x189 ./Core/Src/bsp.o
 .debug_macro   0x00000e89       0x22 ./Core/Src/bsp.o
 .debug_macro   0x00000eab       0x8e ./Core/Src/bsp.o
 .debug_macro   0x00000f39       0x51 ./Core/Src/bsp.o
 .debug_macro   0x00000f8a      0x103 ./Core/Src/bsp.o
 .debug_macro   0x0000108d       0x6a ./Core/Src/bsp.o
 .debug_macro   0x000010f7      0x1df ./Core/Src/bsp.o
 .debug_macro   0x000012d6      0x124 ./Core/Src/bsp.o
 .debug_macro   0x000013fa      0x15a ./Core/Src/bsp.o
 .debug_macro   0x00001554       0xe4 ./Core/Src/bsp.o
 .debug_macro   0x00001638       0x28 ./Core/Src/bsp.o
 .debug_macro   0x00001660       0x1f ./Core/Src/bsp.o
 .debug_macro   0x0000167f       0x12 ./Core/Src/bsp.o
 .debug_macro   0x00001691      0x4fc ./Core/Src/bsp.o
 .debug_macro   0x00001b8d       0xc3 ./Core/Src/bsp.o
 .debug_macro   0x00001c50      0x120 ./Core/Src/bsp.o
 .debug_macro   0x00001d70       0x80 ./Core/Src/bsp.o
 .debug_macro   0x00001df0       0x97 ./Core/Src/bsp.o
 .debug_macro   0x00001e87       0x3b ./Core/Src/bsp.o
 .debug_macro   0x00001ec2       0x1c ./Core/Src/bsp.o
 .debug_macro   0x00001ede       0x22 ./Core/Src/bsp.o
 .debug_macro   0x00001f00       0xfb ./Core/Src/bsp.o
 .debug_macro   0x00001ffb     0x1305 ./Core/Src/bsp.o
 .debug_macro   0x00003300      0x11f ./Core/Src/bsp.o
 .debug_macro   0x0000341f       0x27 ./Core/Src/bsp.o
 .debug_macro   0x00003446    0x25b9b ./Core/Src/bsp.o
 .debug_macro   0x00028fe1       0x61 ./Core/Src/bsp.o
 .debug_macro   0x00029042       0x29 ./Core/Src/bsp.o
 .debug_macro   0x0002906b       0x43 ./Core/Src/bsp.o
 .debug_macro   0x000290ae       0x34 ./Core/Src/bsp.o
 .debug_macro   0x000290e2       0x16 ./Core/Src/bsp.o
 .debug_macro   0x000290f8       0x43 ./Core/Src/bsp.o
 .debug_macro   0x0002913b       0x34 ./Core/Src/bsp.o
 .debug_macro   0x0002916f       0x10 ./Core/Src/bsp.o
 .debug_macro   0x0002917f       0x58 ./Core/Src/bsp.o
 .debug_macro   0x000291d7       0x8e ./Core/Src/bsp.o
 .debug_macro   0x00029265       0x1c ./Core/Src/bsp.o
 .debug_macro   0x00029281      0x177 ./Core/Src/bsp.o
 .debug_macro   0x000293f8      0x369 ./Core/Src/bsp.o
 .debug_macro   0x00029761      0x19b ./Core/Src/bsp.o
 .debug_macro   0x000298fc      0x114 ./Core/Src/main.o
 .debug_macro   0x00029a10       0x22 ./Core/Src/main.o
 .debug_macro   0x00029a32      0x301 ./Core/Src/stm32h7xx_it.o
 .debug_macro   0x00029d33      0x293 ./Core/Src/system_stm32h7xx.o
 .debug_macro   0x00029fc6      0x2ba ./Drivers/BSP/STM32H7xx_Nucleo/stm32h7xx_nucleo.o
 .debug_macro   0x0002a280       0x28 ./Drivers/BSP/STM32H7xx_Nucleo/stm32h7xx_nucleo.o
 .debug_macro   0x0002a2a8      0x2a1 ./Drivers/STM32H7xx_HAL_Driver/Src/stm32h7xx_hal_exti.o
 .debug_macro   0x0002a549      0x108 ./frameworks/FreeAct/src/FreeAct.o
 .debug_macro   0x0002a651      0x198 ./frameworks/FreeRTOS/list.o
 .debug_macro   0x0002a7e9      0x11c ./frameworks/FreeRTOS/list.o
 .debug_macro   0x0002a905       0x94 ./frameworks/FreeRTOS/list.o
 .debug_macro   0x0002a999      0x22f ./frameworks/FreeRTOS/queue.o
 .debug_macro   0x0002abc8       0x16 ./frameworks/FreeRTOS/queue.o
 .debug_macro   0x0002abde       0x20 ./frameworks/FreeRTOS/queue.o
 .debug_macro   0x0002abfe      0x27e ./frameworks/FreeRTOS/tasks.o
 .debug_macro   0x0002ae7c       0x91 ./frameworks/FreeRTOS/tasks.o
 .debug_macro   0x0002af0d       0x16 ./frameworks/FreeRTOS/tasks.o
 .debug_macro   0x0002af23      0x1e7 ./frameworks/FreeRTOS/timers.o
 .debug_macro   0x0002b10a      0x195 ./frameworks/FreeRTOS/r0p1/port.o

.debug_line     0x00000000     0x927d
 .debug_line    0x00000000      0xaf2 ./Core/Src/bsp.o
 .debug_line    0x00000af2      0x6cb ./Core/Src/main.o
 .debug_line    0x000011bd      0x9d5 ./Core/Src/stm32h7xx_it.o
 .debug_line    0x00001b92      0xaa6 ./Core/Src/system_stm32h7xx.o
 .debug_line    0x00002638       0x7b ./Core/Startup/startup_stm32h743zitx.o
 .debug_line    0x000026b3      0xca9 ./Drivers/BSP/STM32H7xx_Nucleo/stm32h7xx_nucleo.o
 .debug_line    0x0000335c      0xd35 ./Drivers/STM32H7xx_HAL_Driver/Src/stm32h7xx_hal_exti.o
 .debug_line    0x00004091      0x851 ./frameworks/FreeAct/src/FreeAct.o
 .debug_line    0x000048e2      0x871 ./frameworks/FreeRTOS/list.o
 .debug_line    0x00005153     0x151a ./frameworks/FreeRTOS/queue.o
 .debug_line    0x0000666d     0x16f3 ./frameworks/FreeRTOS/tasks.o
 .debug_line    0x00007d60      0xcea ./frameworks/FreeRTOS/timers.o
 .debug_line    0x00008a4a      0x833 ./frameworks/FreeRTOS/r0p1/port.o

.debug_str      0x00000000   0x15e21a
 .debug_str     0x00000000    0xf078c ./Core/Src/bsp.o
                              0xf0ac9 (size before relaxing)
 .debug_str     0x000f078c      0x1c0 ./Core/Src/main.o
                               0xa3f8 (size before relaxing)
 .debug_str     0x000f094c    0x68f42 ./Core/Src/stm32h7xx_it.o
                             0x15342e (size before relaxing)
 .debug_str     0x0015988e      0x260 ./Core/Src/system_stm32h7xx.o
                             0x152a32 (size before relaxing)
 .debug_str     0x00159aee       0x44 ./Core/Startup/startup_stm32h743zitx.o
                                 0x9a (size before relaxing)
 .debug_str     0x00159b32     0x1293 ./Drivers/BSP/STM32H7xx_Nucleo/stm32h7xx_nucleo.o
                             0x15430e (size before relaxing)
 .debug_str     0x0015adc5      0x292 ./Drivers/STM32H7xx_HAL_Driver/Src/stm32h7xx_hal_exti.o
                             0x152804 (size before relaxing)
 .debug_str     0x0015b057      0x23e ./frameworks/FreeAct/src/FreeAct.o
                               0xa524 (size before relaxing)
 .debug_str     0x0015b295      0x2a1 ./frameworks/FreeRTOS/list.o
                               0xb167 (size before relaxing)
 .debug_str     0x0015b536      0xd10 ./frameworks/FreeRTOS/queue.o
                               0xd95a (size before relaxing)
 .debug_str     0x0015c246     0x12cc ./frameworks/FreeRTOS/tasks.o
                               0xe2d1 (size before relaxing)
 .debug_str     0x0015d512      0x568 ./frameworks/FreeRTOS/timers.o
                               0xdbe6 (size before relaxing)
 .debug_str     0x0015da7a      0x7a0 ./frameworks/FreeRTOS/r0p1/port.o
                               0x993c (size before relaxing)

.comment        0x00000000       0x43
 .comment       0x00000000       0x43 ./Core/Src/bsp.o
                                 0x44 (size before relaxing)
 .comment       0x00000043       0x44 ./Core/Src/main.o
 .comment       0x00000043       0x44 ./Core/Src/stm32h7xx_it.o
 .comment       0x00000043       0x44 ./Core/Src/system_stm32h7xx.o
 .comment       0x00000043       0x44 ./Drivers/BSP/STM32H7xx_Nucleo/stm32h7xx_nucleo.o
 .comment       0x00000043       0x44 ./Drivers/STM32H7xx_HAL_Driver/Src/stm32h7xx_hal_exti.o
 .comment       0x00000043       0x44 ./frameworks/FreeAct/src/FreeAct.o
 .comment       0x00000043       0x44 ./frameworks/FreeRTOS/list.o
 .comment       0x00000043       0x44 ./frameworks/FreeRTOS/queue.o
 .comment       0x00000043       0x44 ./frameworks/FreeRTOS/tasks.o
 .comment       0x00000043       0x44 ./frameworks/FreeRTOS/timers.o
 .comment       0x00000043       0x44 ./frameworks/FreeRTOS/r0p1/port.o

.debug_frame    0x00000000     0x1b18
 .debug_frame   0x00000000      0x1ac ./Core/Src/bsp.o
 .debug_frame   0x000001ac       0x7c ./Core/Src/main.o
 .debug_frame   0x00000228       0xc4 ./Core/Src/stm32h7xx_it.o
 .debug_frame   0x000002ec       0x78 ./Core/Src/system_stm32h7xx.o
 .debug_frame   0x00000364      0x2dc ./Drivers/BSP/STM32H7xx_Nucleo/stm32h7xx_nucleo.o
 .debug_frame   0x00000640      0x174 ./Drivers/STM32H7xx_HAL_Driver/Src/stm32h7xx_hal_exti.o
 .debug_frame   0x000007b4      0x15c ./frameworks/FreeAct/src/FreeAct.o
 .debug_frame   0x00000910       0xd8 ./frameworks/FreeRTOS/list.o
 .debug_frame   0x000009e8      0x4e8 ./frameworks/FreeRTOS/queue.o
 .debug_frame   0x00000ed0      0x6e0 ./frameworks/FreeRTOS/tasks.o
 .debug_frame   0x000015b0      0x368 ./frameworks/FreeRTOS/timers.o
 .debug_frame   0x00001918      0x18c ./frameworks/FreeRTOS/r0p1/port.o
 .debug_frame   0x00001aa4       0x20 C:/ST/STM32CubeIDE_1.17.0/STM32CubeIDE/plugins/com.st.stm32cube.ide.mcu.externaltools.gnu-tools-for-stm32.12.3.rel1.win32_1.1.0.202410251130/tools/bin/../lib/gcc/arm-none-eabi/12.3.1/../../../../arm-none-eabi/lib/thumb/v7e-m+dp/hard\libc_nano.a(libc_a-memset.o)
 .debug_frame   0x00001ac4       0x2c C:/ST/STM32CubeIDE_1.17.0/STM32CubeIDE/plugins/com.st.stm32cube.ide.mcu.externaltools.gnu-tools-for-stm32.12.3.rel1.win32_1.1.0.202410251130/tools/bin/../lib/gcc/arm-none-eabi/12.3.1/../../../../arm-none-eabi/lib/thumb/v7e-m+dp/hard\libc_nano.a(libc_a-init.o)
 .debug_frame   0x00001af0       0x28 C:/ST/STM32CubeIDE_1.17.0/STM32CubeIDE/plugins/com.st.stm32cube.ide.mcu.externaltools.gnu-tools-for-stm32.12.3.rel1.win32_1.1.0.202410251130/tools/bin/../lib/gcc/arm-none-eabi/12.3.1/../../../../arm-none-eabi/lib/thumb/v7e-m+dp/hard\libc_nano.a(libc_a-memcpy-stub.o)

.debug_line_str
                0x00000000       0x7e
 .debug_line_str
                0x00000000       0x7e ./Core/Startup/startup_stm32h743zitx.o
